// Jest Snapshot v1, https://goo.gl/fbAQLP

exports[`https import test 1`] = `
"{
  \\"schema\\": {
    \\"dialect\\": \\"duckdb\\",
    \\"columns\\": [
      \\"id\\",
      \\"bool_col\\",
      \\"int_col\\",
      \\"string_col\\",
      \\"timestamp_col\\"
    ],
    \\"columnMetadata\\": {
      \\"id\\": {
        \\"displayName\\": \\"id\\",
        \\"columnType\\": \\"INTEGER\\"
      },
      \\"bool_col\\": {
        \\"displayName\\": \\"bool_col\\",
        \\"columnType\\": \\"BOOLEAN\\"
      },
      \\"int_col\\": {
        \\"displayName\\": \\"int_col\\",
        \\"columnType\\": \\"INTEGER\\"
      },
      \\"string_col\\": {
        \\"displayName\\": \\"string_col\\",
        \\"columnType\\": \\"BLOB\\"
      },
      \\"timestamp_col\\": {
        \\"displayName\\": \\"timestamp_col\\",
        \\"columnType\\": \\"TIMESTAMP\\"
      }
    }
  },
  \\"rowData\\": [
    {
      \\"id\\": 4,
      \\"bool_col\\": true,
      \\"int_col\\": 0,
      \\"string_col\\": {
        \\"type\\": \\"Buffer\\",
        \\"data\\": [
          48
        ]
      },
      \\"timestamp_col\\": 1235865600000
    },
    {
      \\"id\\": 5,
      \\"bool_col\\": false,
      \\"int_col\\": 1,
      \\"string_col\\": {
        \\"type\\": \\"Buffer\\",
        \\"data\\": [
          49
        ]
      },
      \\"timestamp_col\\": 1235865660000
    },
    {
      \\"id\\": 6,
      \\"bool_col\\": true,
      \\"int_col\\": 0,
      \\"string_col\\": {
        \\"type\\": \\"Buffer\\",
        \\"data\\": [
          48
        ]
      },
      \\"timestamp_col\\": 1238544000000
    },
    {
      \\"id\\": 7,
      \\"bool_col\\": false,
      \\"int_col\\": 1,
      \\"string_col\\": {
        \\"type\\": \\"Buffer\\",
        \\"data\\": [
          49
        ]
      },
      \\"timestamp_col\\": 1238544060000
    },
    {
      \\"id\\": 2,
      \\"bool_col\\": true,
      \\"int_col\\": 0,
      \\"string_col\\": {
        \\"type\\": \\"Buffer\\",
        \\"data\\": [
          48
        ]
      },
      \\"timestamp_col\\": 1233446400000
    },
    {
      \\"id\\": 3,
      \\"bool_col\\": false,
      \\"int_col\\": 1,
      \\"string_col\\": {
        \\"type\\": \\"Buffer\\",
        \\"data\\": [
          49
        ]
      },
      \\"timestamp_col\\": 1233446460000
    },
    {
      \\"id\\": 0,
      \\"bool_col\\": true,
      \\"int_col\\": 0,
      \\"string_col\\": {
        \\"type\\": \\"Buffer\\",
        \\"data\\": [
          48
        ]
      },
      \\"timestamp_col\\": 1230768000000
    },
    {
      \\"id\\": 1,
      \\"bool_col\\": false,
      \\"int_col\\": 1,
      \\"string_col\\": {
        \\"type\\": \\"Buffer\\",
        \\"data\\": [
          49
        ]
      },
      \\"timestamp_col\\": 1230768060000
    }
  ]
}"
`;

exports[`https import test 2`] = `
Array [
  Array [
    "4",
    "true",
    "0",
    "0",
    "0",
    "0",
    "0",
    "0",
    "03/01/09",
    "0",
    "2009-03-01T00:00:00.000Z",
  ],
  Array [
    "5",
    "false",
    "1",
    "1",
    "1",
    "10",
    "1.100000023841858",
    "10.1",
    "03/01/09",
    "1",
    "2009-03-01T00:01:00.000Z",
  ],
  Array [
    "6",
    "true",
    "0",
    "0",
    "0",
    "0",
    "0",
    "0",
    "04/01/09",
    "0",
    "2009-04-01T00:00:00.000Z",
  ],
  Array [
    "7",
    "false",
    "1",
    "1",
    "1",
    "10",
    "1.100000023841858",
    "10.1",
    "04/01/09",
    "1",
    "2009-04-01T00:01:00.000Z",
  ],
  Array [
    "2",
    "true",
    "0",
    "0",
    "0",
    "0",
    "0",
    "0",
    "02/01/09",
    "0",
    "2009-02-01T00:00:00.000Z",
  ],
  Array [
    "3",
    "false",
    "1",
    "1",
    "1",
    "10",
    "1.100000023841858",
    "10.1",
    "02/01/09",
    "1",
    "2009-02-01T00:01:00.000Z",
  ],
  Array [
    "0",
    "true",
    "0",
    "0",
    "0",
    "0",
    "0",
    "0",
    "01/01/09",
    "0",
    "2009-01-01T00:00:00.000Z",
  ],
  Array [
    "1",
    "false",
    "1",
    "1",
    "1",
    "10",
    "1.100000023841858",
    "10.1",
    "01/01/09",
    "1",
    "2009-01-01T00:01:00.000Z",
  ],
]
`;
