// Jest Snapshot v1, https://goo.gl/fbAQLP

exports[`t2 - basic table query 1`] = `
TableRep {
  "rowData": Array [
    Object {
      "BIKEID": 20564,
      "BIRTH_YEAR": 1970,
      "END_STATION_ID": 505,
      "END_STATION_LATITUDE": 40.74901271,
      "END_STATION_LONGITUDE": -73.98848395,
      "END_STATION_NAME": "6 Ave & W 33 St",
      "GENDER": 2,
      "MEMBERSHIP_TYPE": null,
      "STARTTIME": 2013-12-11T09:45:19.000Z,
      "START_STATION_ID": 153,
      "START_STATION_LATITUDE": 40.752062307,
      "START_STATION_LONGITUDE": -73.981632404,
      "START_STATION_NAME": "E 40 St & 5 Ave",
      "STOPTIME": 2013-12-11T09:50:57.000Z,
      "TRIPDURATION": 338,
      "USERTYPE": "Subscriber",
    },
    Object {
      "BIKEID": 19720,
      "BIRTH_YEAR": 1987,
      "END_STATION_ID": 521,
      "END_STATION_LATITUDE": 40.75044999,
      "END_STATION_LONGITUDE": -73.99481051,
      "END_STATION_NAME": "8 Ave & W 31 St",
      "GENDER": 2,
      "MEMBERSHIP_TYPE": null,
      "STARTTIME": 2013-12-11T09:45:22.000Z,
      "START_STATION_ID": 435,
      "START_STATION_LATITUDE": 40.74173969,
      "START_STATION_LONGITUDE": -73.99415556,
      "START_STATION_NAME": "W 21 St & 6 Ave",
      "STOPTIME": 2013-12-11T09:51:01.000Z,
      "TRIPDURATION": 339,
      "USERTYPE": "Subscriber",
    },
    Object {
      "BIKEID": 20879,
      "BIRTH_YEAR": 1985,
      "END_STATION_ID": 284,
      "END_STATION_LATITUDE": 40.739016912,
      "END_STATION_LONGITUDE": -74.00263761,
      "END_STATION_NAME": "Greenwich Ave & 8 Ave",
      "GENDER": 1,
      "MEMBERSHIP_TYPE": null,
      "STARTTIME": 2013-12-11T09:45:25.000Z,
      "START_STATION_ID": 353,
      "START_STATION_LATITUDE": 40.68539567,
      "START_STATION_LONGITUDE": -73.97431458,
      "START_STATION_NAME": "S Portland Ave & Hanson Pl",
      "STOPTIME": 2013-12-11T10:15:25.000Z,
      "TRIPDURATION": 1800,
      "USERTYPE": "Subscriber",
    },
    Object {
      "BIKEID": 15750,
      "BIRTH_YEAR": 1986,
      "END_STATION_ID": 517,
      "END_STATION_LATITUDE": 40.75149263,
      "END_STATION_LONGITUDE": -73.97798848,
      "END_STATION_NAME": "Pershing Square S",
      "GENDER": 1,
      "MEMBERSHIP_TYPE": null,
      "STARTTIME": 2013-12-11T09:45:25.000Z,
      "START_STATION_ID": 379,
      "START_STATION_LATITUDE": 40.749156,
      "START_STATION_LONGITUDE": -73.9916,
      "START_STATION_NAME": "W 31 St & 7 Ave",
      "STOPTIME": 2013-12-11T09:55:09.000Z,
      "TRIPDURATION": 584,
      "USERTYPE": "Subscriber",
    },
    Object {
      "BIKEID": 15009,
      "BIRTH_YEAR": 1987,
      "END_STATION_ID": 161,
      "END_STATION_LATITUDE": 40.72917025,
      "END_STATION_LONGITUDE": -73.99810231,
      "END_STATION_NAME": "LaGuardia Pl & W 3 St",
      "GENDER": 1,
      "MEMBERSHIP_TYPE": null,
      "STARTTIME": 2013-12-11T09:45:27.000Z,
      "START_STATION_ID": 531,
      "START_STATION_LATITUDE": 40.71893904,
      "START_STATION_LONGITUDE": -73.99266288,
      "START_STATION_NAME": "Forsyth St & Broome St",
      "STOPTIME": 2013-12-11T09:51:16.000Z,
      "TRIPDURATION": 349,
      "USERTYPE": "Subscriber",
    },
    Object {
      "BIKEID": 19093,
      "BIRTH_YEAR": 1977,
      "END_STATION_ID": 128,
      "END_STATION_LATITUDE": 40.72710258,
      "END_STATION_LONGITUDE": -74.00297088,
      "END_STATION_NAME": "MacDougal St & Prince St",
      "GENDER": 1,
      "MEMBERSHIP_TYPE": null,
      "STARTTIME": 2013-12-11T09:45:28.000Z,
      "START_STATION_ID": 472,
      "START_STATION_LATITUDE": 40.7457121,
      "START_STATION_LONGITUDE": -73.98194829,
      "START_STATION_NAME": "E 32 St & Park Ave",
      "STOPTIME": 2013-12-11T09:59:39.000Z,
      "TRIPDURATION": 851,
      "USERTYPE": "Subscriber",
    },
    Object {
      "BIKEID": 21009,
      "BIRTH_YEAR": 1983,
      "END_STATION_ID": 280,
      "END_STATION_LATITUDE": 40.73331967,
      "END_STATION_LONGITUDE": -73.99510132,
      "END_STATION_NAME": "E 10 St & 5 Ave",
      "GENDER": 2,
      "MEMBERSHIP_TYPE": null,
      "STARTTIME": 2013-12-11T09:45:37.000Z,
      "START_STATION_ID": 359,
      "START_STATION_LATITUDE": 40.75510267,
      "START_STATION_LONGITUDE": -73.97498696,
      "START_STATION_NAME": "E 47 St & Park Ave",
      "STOPTIME": 2013-12-11T09:49:53.000Z,
      "TRIPDURATION": 256,
      "USERTYPE": "Subscriber",
    },
    Object {
      "BIKEID": 14787,
      "BIRTH_YEAR": 1957,
      "END_STATION_ID": 315,
      "END_STATION_LATITUDE": 40.70355377,
      "END_STATION_LONGITUDE": -74.00670227,
      "END_STATION_NAME": "South St & Gouverneur Ln",
      "GENDER": 2,
      "MEMBERSHIP_TYPE": null,
      "STARTTIME": 2013-12-11T09:45:38.000Z,
      "START_STATION_ID": 307,
      "START_STATION_LATITUDE": 40.71427487,
      "START_STATION_LONGITUDE": -73.98990025,
      "START_STATION_NAME": "Canal St & Rutgers St",
      "STOPTIME": 2013-12-11T09:57:30.000Z,
      "TRIPDURATION": 712,
      "USERTYPE": "Subscriber",
    },
    Object {
      "BIKEID": 19541,
      "BIRTH_YEAR": 1979,
      "END_STATION_ID": 367,
      "END_STATION_LATITUDE": 40.75828065,
      "END_STATION_LONGITUDE": -73.97069431,
      "END_STATION_NAME": "E 53 St & Lexington Ave",
      "GENDER": 1,
      "MEMBERSHIP_TYPE": null,
      "STARTTIME": 2013-12-11T09:45:38.000Z,
      "START_STATION_ID": 457,
      "START_STATION_LATITUDE": 40.76695317,
      "START_STATION_LONGITUDE": -73.98169333,
      "START_STATION_NAME": "Broadway & W 58 St",
      "STOPTIME": 2013-12-11T09:53:31.000Z,
      "TRIPDURATION": 473,
      "USERTYPE": "Subscriber",
    },
    Object {
      "BIKEID": 21087,
      "BIRTH_YEAR": 1963,
      "END_STATION_ID": 434,
      "END_STATION_LATITUDE": 40.74317449,
      "END_STATION_LONGITUDE": -74.00366443,
      "END_STATION_NAME": "9 Ave & W 18 St",
      "GENDER": 1,
      "MEMBERSHIP_TYPE": null,
      "STARTTIME": 2013-12-11T09:45:44.000Z,
      "START_STATION_ID": 153,
      "START_STATION_LATITUDE": 40.752062307,
      "START_STATION_LONGITUDE": -73.981632404,
      "START_STATION_NAME": "E 40 St & 5 Ave",
      "STOPTIME": 2013-12-11T10:05:53.000Z,
      "TRIPDURATION": 1209,
      "USERTYPE": "Subscriber",
    },
    Object {
      "BIKEID": 17306,
      "BIRTH_YEAR": 1970,
      "END_STATION_ID": 404,
      "END_STATION_LATITUDE": 40.7405826,
      "END_STATION_LONGITUDE": -74.00550867,
      "END_STATION_NAME": "9 Ave & W 14 St",
      "GENDER": 1,
      "MEMBERSHIP_TYPE": null,
      "STARTTIME": 2013-12-11T09:45:48.000Z,
      "START_STATION_ID": 475,
      "START_STATION_LATITUDE": 40.73524276,
      "START_STATION_LONGITUDE": -73.98758561,
      "START_STATION_NAME": "E 16 St & Irving Pl",
      "STOPTIME": 2013-12-11T09:55:34.000Z,
      "TRIPDURATION": 586,
      "USERTYPE": "Subscriber",
    },
    Object {
      "BIKEID": 15597,
      "BIRTH_YEAR": 1941,
      "END_STATION_ID": 527,
      "END_STATION_LATITUDE": 40.74315566,
      "END_STATION_LONGITUDE": -73.97434726,
      "END_STATION_NAME": "E 33 St & 1 Ave",
      "GENDER": 1,
      "MEMBERSHIP_TYPE": null,
      "STARTTIME": 2013-12-11T09:45:50.000Z,
      "START_STATION_ID": 368,
      "START_STATION_LATITUDE": 40.73038599,
      "START_STATION_LONGITUDE": -74.00214988,
      "START_STATION_NAME": "Carmine St & 6 Ave",
      "STOPTIME": 2013-12-11T10:08:15.000Z,
      "TRIPDURATION": 1345,
      "USERTYPE": "Subscriber",
    },
    Object {
      "BIKEID": 16987,
      "BIRTH_YEAR": 1977,
      "END_STATION_ID": 510,
      "END_STATION_LATITUDE": 40.7606597,
      "END_STATION_LONGITUDE": -73.98042047,
      "END_STATION_NAME": "W 51 St & 6 Ave",
      "GENDER": 1,
      "MEMBERSHIP_TYPE": null,
      "STARTTIME": 2013-12-11T09:45:55.000Z,
      "START_STATION_ID": 438,
      "START_STATION_LATITUDE": 40.72779126,
      "START_STATION_LONGITUDE": -73.98564945,
      "START_STATION_NAME": "St Marks Pl & 1 Ave",
      "STOPTIME": 2013-12-11T10:04:41.000Z,
      "TRIPDURATION": 1126,
      "USERTYPE": "Subscriber",
    },
    Object {
      "BIKEID": 21109,
      "BIRTH_YEAR": 1976,
      "END_STATION_ID": 465,
      "END_STATION_LATITUDE": 40.75513557,
      "END_STATION_LONGITUDE": -73.98658032,
      "END_STATION_NAME": "Broadway & W 41 St",
      "GENDER": 1,
      "MEMBERSHIP_TYPE": null,
      "STARTTIME": 2013-12-11T09:45:59.000Z,
      "START_STATION_ID": 528,
      "START_STATION_LATITUDE": 40.74290902,
      "START_STATION_LONGITUDE": -73.97706058,
      "START_STATION_NAME": "2 Ave & E 31 St",
      "STOPTIME": 2013-12-11T09:57:07.000Z,
      "TRIPDURATION": 668,
      "USERTYPE": "Subscriber",
    },
    Object {
      "BIKEID": 15761,
      "BIRTH_YEAR": 1991,
      "END_STATION_ID": 388,
      "END_STATION_LATITUDE": 40.749717753,
      "END_STATION_LONGITUDE": -74.002950346,
      "END_STATION_NAME": "W 26 St & 10 Ave",
      "GENDER": 2,
      "MEMBERSHIP_TYPE": null,
      "STARTTIME": 2013-12-11T09:46:05.000Z,
      "START_STATION_ID": 229,
      "START_STATION_LATITUDE": 40.72743423,
      "START_STATION_LONGITUDE": -73.99379025,
      "START_STATION_NAME": "Great Jones St",
      "STOPTIME": 2013-12-11T10:02:52.000Z,
      "TRIPDURATION": 1007,
      "USERTYPE": "Subscriber",
    },
    Object {
      "BIKEID": 15412,
      "BIRTH_YEAR": 1960,
      "END_STATION_ID": 375,
      "END_STATION_LATITUDE": 40.72679454,
      "END_STATION_LONGITUDE": -73.99695094,
      "END_STATION_NAME": "Mercer St & Bleecker St",
      "GENDER": 1,
      "MEMBERSHIP_TYPE": null,
      "STARTTIME": 2013-12-11T09:46:13.000Z,
      "START_STATION_ID": 280,
      "START_STATION_LATITUDE": 40.73331967,
      "START_STATION_LONGITUDE": -73.99510132,
      "START_STATION_NAME": "E 10 St & 5 Ave",
      "STOPTIME": 2013-12-11T09:50:25.000Z,
      "TRIPDURATION": 252,
      "USERTYPE": "Subscriber",
    },
    Object {
      "BIKEID": 16006,
      "BIRTH_YEAR": 1970,
      "END_STATION_ID": 254,
      "END_STATION_LATITUDE": 40.73532427,
      "END_STATION_LONGITUDE": -73.99800419,
      "END_STATION_NAME": "W 11 St & 6 Ave",
      "GENDER": 1,
      "MEMBERSHIP_TYPE": null,
      "STARTTIME": 2013-12-11T09:46:19.000Z,
      "START_STATION_ID": 223,
      "START_STATION_LATITUDE": 40.73781509,
      "START_STATION_LONGITUDE": -73.99994661,
      "START_STATION_NAME": "W 13 St & 7 Ave",
      "STOPTIME": 2013-12-11T09:55:14.000Z,
      "TRIPDURATION": 535,
      "USERTYPE": "Subscriber",
    },
    Object {
      "BIKEID": 17551,
      "BIRTH_YEAR": 1957,
      "END_STATION_ID": 274,
      "END_STATION_LATITUDE": 40.68691865,
      "END_STATION_LONGITUDE": -73.976682,
      "END_STATION_NAME": "Lafayette Ave & Fort Greene Pl",
      "GENDER": 1,
      "MEMBERSHIP_TYPE": null,
      "STARTTIME": 2013-12-11T09:46:21.000Z,
      "START_STATION_ID": 239,
      "START_STATION_LATITUDE": 40.69196566,
      "START_STATION_LONGITUDE": -73.9813018,
      "START_STATION_NAME": "Willoughby St & Fleet St",
      "STOPTIME": 2013-12-11T09:50:11.000Z,
      "TRIPDURATION": 230,
      "USERTYPE": "Subscriber",
    },
    Object {
      "BIKEID": 20242,
      "BIRTH_YEAR": 1960,
      "END_STATION_ID": 388,
      "END_STATION_LATITUDE": 40.749717753,
      "END_STATION_LONGITUDE": -74.002950346,
      "END_STATION_NAME": "W 26 St & 10 Ave",
      "GENDER": 1,
      "MEMBERSHIP_TYPE": null,
      "STARTTIME": 2013-12-11T09:46:23.000Z,
      "START_STATION_ID": 490,
      "START_STATION_LATITUDE": 40.751551,
      "START_STATION_LONGITUDE": -73.993934,
      "START_STATION_NAME": "8 Ave & W 33 St",
      "STOPTIME": 2013-12-11T09:53:44.000Z,
      "TRIPDURATION": 441,
      "USERTYPE": "Subscriber",
    },
    Object {
      "BIKEID": 17961,
      "BIRTH_YEAR": 1973,
      "END_STATION_ID": 546,
      "END_STATION_LATITUDE": 40.74444921,
      "END_STATION_LONGITUDE": -73.98303529,
      "END_STATION_NAME": "E 30 St & Park Ave S",
      "GENDER": 1,
      "MEMBERSHIP_TYPE": null,
      "STARTTIME": 2013-12-11T09:46:27.000Z,
      "START_STATION_ID": 475,
      "START_STATION_LATITUDE": 40.73524276,
      "START_STATION_LONGITUDE": -73.98758561,
      "START_STATION_NAME": "E 16 St & Irving Pl",
      "STOPTIME": 2013-12-11T09:52:02.000Z,
      "TRIPDURATION": 335,
      "USERTYPE": "Subscriber",
    },
  ],
  "schema": Object {
    "columnMetadata": Object {
      "BIKEID": Object {
        "columnType": "NUMBER",
        "displayName": "BIKEID",
      },
      "BIRTH_YEAR": Object {
        "columnType": "NUMBER",
        "displayName": "BIRTH_YEAR",
      },
      "END_STATION_ID": Object {
        "columnType": "NUMBER",
        "displayName": "END_STATION_ID",
      },
      "END_STATION_LATITUDE": Object {
        "columnType": "FLOAT",
        "displayName": "END_STATION_LATITUDE",
      },
      "END_STATION_LONGITUDE": Object {
        "columnType": "FLOAT",
        "displayName": "END_STATION_LONGITUDE",
      },
      "END_STATION_NAME": Object {
        "columnType": "VARCHAR",
        "displayName": "END_STATION_NAME",
      },
      "GENDER": Object {
        "columnType": "NUMBER",
        "displayName": "GENDER",
      },
      "MEMBERSHIP_TYPE": Object {
        "columnType": "VARCHAR",
        "displayName": "MEMBERSHIP_TYPE",
      },
      "STARTTIME": Object {
        "columnType": "TIMESTAMP_NTZ",
        "displayName": "STARTTIME",
      },
      "START_STATION_ID": Object {
        "columnType": "NUMBER",
        "displayName": "START_STATION_ID",
      },
      "START_STATION_LATITUDE": Object {
        "columnType": "FLOAT",
        "displayName": "START_STATION_LATITUDE",
      },
      "START_STATION_LONGITUDE": Object {
        "columnType": "FLOAT",
        "displayName": "START_STATION_LONGITUDE",
      },
      "START_STATION_NAME": Object {
        "columnType": "VARCHAR",
        "displayName": "START_STATION_NAME",
      },
      "STOPTIME": Object {
        "columnType": "TIMESTAMP_NTZ",
        "displayName": "STOPTIME",
      },
      "TRIPDURATION": Object {
        "columnType": "NUMBER",
        "displayName": "TRIPDURATION",
      },
      "USERTYPE": Object {
        "columnType": "VARCHAR",
        "displayName": "USERTYPE",
      },
    },
    "columns": Array [
      "TRIPDURATION",
      "STARTTIME",
      "STOPTIME",
      "START_STATION_ID",
      "START_STATION_NAME",
      "START_STATION_LATITUDE",
      "START_STATION_LONGITUDE",
      "END_STATION_ID",
      "END_STATION_NAME",
      "END_STATION_LATITUDE",
      "END_STATION_LONGITUDE",
      "BIKEID",
      "MEMBERSHIP_TYPE",
      "USERTYPE",
      "BIRTH_YEAR",
      "GENDER",
    ],
    "dialect": "snowflake",
  },
}
`;
