{
  "snapshotFileFormat": 1,
  "snapshotData": {
    "basicPivotSortTest": {
      "sorted tree query matches snapshot": {
        "schema": {
          "columns": [
            "JobFamily",
            "Title",
            "Union",
            "Name",
            "Base",
            "TCOE",
            "Rec",
            "_depth",
            "_pivot",
            "_isRoot",
            "_sortVal_0",
            "_sortVal_1",
            "_path0",
            "_sortVal_0_0"
          ],
          "columnMetadata": {
            "_path0": {
              "type": "text"
            },
            "_sortVal_1": {
              "type": "integer"
            },
            "_sortVal_0": {
              "type": "integer"
            },
            "JobFamily": {
              "displayName": "Job Family",
              "type": "text"
            },
            "Title": {
              "displayName": "Title",
              "type": "text"
            },
            "Union": {
              "displayName": "Union",
              "type": "text"
            },
            "Name": {
              "displayName": "Name",
              "type": "text"
            },
            "Base": {
              "displayName": "Base",
              "type": "integer"
            },
            "TCOE": {
              "displayName": "TCOE",
              "type": "integer"
            },
            "Rec": {
              "type": "integer"
            },
            "_depth": {
              "type": "integer"
            },
            "_pivot": {
              "type": "text"
            },
            "_isRoot": {
              "type": "boolean"
            },
            "_sortVal_0_0": {
              "displayName": "Title",
              "type": "text"
            }
          },
          "columnIndices": {
            "JobFamily": 0,
            "Title": 1,
            "Union": 2,
            "Name": 3,
            "Base": 4,
            "TCOE": 5,
            "Rec": 6,
            "_depth": 7,
            "_pivot": 8,
            "_isRoot": 9,
            "_sortVal_0": 10,
            "_sortVal_1": 11,
            "_path0": 12,
            "_sortVal_0_0": 13
          }
        },
        "rowData": [
          {
            "JobFamily": null,
            "Title": null,
            "Union": null,
            "Name": null,
            "Base": 3251221,
            "TCOE": 4691559,
            "Rec": 23,
            "_depth": 0,
            "_pivot": null,
            "_isRoot": 1,
            "_sortVal_0": 0,
            "_sortVal_1": 0,
            "_path0": null,
            "_sortVal_0_0": null
          },
          {
            "JobFamily": "Engineering & Systems Engineering",
            "Title": null,
            "Union": "Non-Represented",
            "Name": null,
            "Base": 309734,
            "TCOE": 422244,
            "Rec": 2,
            "_depth": 1,
            "_pivot": "Engineering & Systems Engineering",
            "_isRoot": 0,
            "_sortVal_0": 1,
            "_sortVal_1": 0,
            "_path0": "Engineering & Systems Engineering",
            "_sortVal_0_0": null
          },
          {
            "JobFamily": "Executive Management",
            "Title": null,
            "Union": "Non-Represented",
            "Name": null,
            "Base": 1030722,
            "TCOE": 1389290,
            "Rec": 4,
            "_depth": 1,
            "_pivot": "Executive Management",
            "_isRoot": 0,
            "_sortVal_0": 1,
            "_sortVal_1": 0,
            "_path0": "Executive Management",
            "_sortVal_0_0": null
          },
          {
            "JobFamily": "Legal & Paralegal",
            "Title": null,
            "Union": "Non-Represented",
            "Name": null,
            "Base": 564028,
            "TCOE": 766571,
            "Rec": 3,
            "_depth": 1,
            "_pivot": "Legal & Paralegal",
            "_isRoot": 0,
            "_sortVal_0": 1,
            "_sortVal_1": 0,
            "_path0": "Legal & Paralegal",
            "_sortVal_0_0": null
          },
          {
            "JobFamily": "Legal & Paralegal",
            "Title": "General Counsel",
            "Union": "Non-Represented",
            "Name": "Burrows, Matthew",
            "Base": 238269,
            "TCOE": 321543,
            "Rec": 1,
            "_depth": 2,
            "_pivot": "Burrows, Matthew",
            "_isRoot": 0,
            "_sortVal_0": 1,
            "_sortVal_1": 1,
            "_path0": "Legal & Paralegal",
            "_sortVal_0_0": null
          },
          {
            "JobFamily": "Legal & Paralegal",
            "Title": "Senior Attorney",
            "Union": "Non-Represented",
            "Name": "Lee, Thomas",
            "Base": 165470,
            "TCOE": 224345,
            "Rec": 1,
            "_depth": 2,
            "_pivot": "Lee, Thomas",
            "_isRoot": 0,
            "_sortVal_0": 1,
            "_sortVal_1": 1,
            "_path0": "Legal & Paralegal",
            "_sortVal_0_0": null
          },
          {
            "JobFamily": "Legal & Paralegal",
            "Title": "Senior Attorney",
            "Union": "Non-Represented",
            "Name": "Nuetzel, Victoria",
            "Base": 160289,
            "TCOE": 220683,
            "Rec": 1,
            "_depth": 2,
            "_pivot": "Nuetzel, Victoria",
            "_isRoot": 0,
            "_sortVal_0": 1,
            "_sortVal_1": 1,
            "_path0": "Legal & Paralegal",
            "_sortVal_0_0": null
          },
          {
            "JobFamily": "Maintenance, Vehicle & Facilities",
            "Title": null,
            "Union": "SEIU",
            "Name": null,
            "Base": 366223,
            "TCOE": 594761,
            "Rec": 5,
            "_depth": 1,
            "_pivot": "Maintenance, Vehicle & Facilities",
            "_isRoot": 0,
            "_sortVal_0": 1,
            "_sortVal_1": 0,
            "_path0": "Maintenance, Vehicle & Facilities",
            "_sortVal_0_0": null
          },
          {
            "JobFamily": "Transportation Operations",
            "Title": null,
            "Union": null,
            "Name": null,
            "Base": 413909,
            "TCOE": 709998,
            "Rec": 5,
            "_depth": 1,
            "_pivot": "Transportation Operations",
            "_isRoot": 0,
            "_sortVal_0": 1,
            "_sortVal_1": 0,
            "_path0": "Transportation Operations",
            "_sortVal_0_0": null
          },
          {
            "JobFamily": "Safety",
            "Title": "Chief Safety Officer",
            "Union": "Non-Represented",
            "Name": "Hardy, Leonard",
            "Base": 152125,
            "TCOE": 211941,
            "Rec": 1,
            "_depth": 1,
            "_pivot": "Safety",
            "_isRoot": 0,
            "_sortVal_0": 1,
            "_sortVal_1": 0,
            "_path0": "Safety",
            "_sortVal_0_0": "Chief Safety Officer"
          },
          {
            "JobFamily": "Finance & Accounting",
            "Title": "Controller-Treasurer",
            "Union": "Non-Represented",
            "Name": "Schroeder, Scott",
            "Base": 208744,
            "TCOE": 287139,
            "Rec": 1,
            "_depth": 1,
            "_pivot": "Finance & Accounting",
            "_isRoot": 0,
            "_sortVal_0": 1,
            "_sortVal_1": 0,
            "_path0": "Finance & Accounting",
            "_sortVal_0_0": "Controller-Treasurer"
          },
          {
            "JobFamily": "Public Affairs & Marketing",
            "Title": "Department Manager Gov't & Comm Rel",
            "Union": "Non-Represented",
            "Name": "Hamill, Kerry",
            "Base": 130035,
            "TCOE": 181955,
            "Rec": 1,
            "_depth": 1,
            "_pivot": "Public Affairs & Marketing",
            "_isRoot": 0,
            "_sortVal_0": 1,
            "_sortVal_1": 0,
            "_path0": "Public Affairs & Marketing",
            "_sortVal_0_0": "Department Manager Gov't & Comm Rel"
          },
          {
            "JobFamily": "Police",
            "Title": "Revenue Protection Guard",
            "Union": "BPOA",
            "Name": "Ornellas, Robert",
            "Base": 75701,
            "TCOE": 127660,
            "Rec": 1,
            "_depth": 1,
            "_pivot": "Police",
            "_isRoot": 0,
            "_sortVal_0": 1,
            "_sortVal_1": 0,
            "_path0": "Police",
            "_sortVal_0_0": "Revenue Protection Guard"
          }
        ]
      }
    },
    "descPivotSortTest": {
      "sorted tree query matches snapshot": {
        "schema": {
          "columns": [
            "JobFamily",
            "Title",
            "Union",
            "Name",
            "Base",
            "TCOE",
            "Rec",
            "_depth",
            "_pivot",
            "_isRoot",
            "_sortVal_0",
            "_sortVal_1",
            "_path0",
            "_sortVal_0_0"
          ],
          "columnMetadata": {
            "_path0": {
              "type": "text"
            },
            "_sortVal_1": {
              "type": "integer"
            },
            "_sortVal_0": {
              "type": "integer"
            },
            "JobFamily": {
              "displayName": "Job Family",
              "type": "text"
            },
            "Title": {
              "displayName": "Title",
              "type": "text"
            },
            "Union": {
              "displayName": "Union",
              "type": "text"
            },
            "Name": {
              "displayName": "Name",
              "type": "text"
            },
            "Base": {
              "displayName": "Base",
              "type": "integer"
            },
            "TCOE": {
              "displayName": "TCOE",
              "type": "integer"
            },
            "Rec": {
              "type": "integer"
            },
            "_depth": {
              "type": "integer"
            },
            "_pivot": {
              "type": "text"
            },
            "_isRoot": {
              "type": "boolean"
            },
            "_sortVal_0_0": {
              "displayName": "Title",
              "type": "text"
            }
          },
          "columnIndices": {
            "JobFamily": 0,
            "Title": 1,
            "Union": 2,
            "Name": 3,
            "Base": 4,
            "TCOE": 5,
            "Rec": 6,
            "_depth": 7,
            "_pivot": 8,
            "_isRoot": 9,
            "_sortVal_0": 10,
            "_sortVal_1": 11,
            "_path0": 12,
            "_sortVal_0_0": 13
          }
        },
        "rowData": [
          {
            "JobFamily": null,
            "Title": null,
            "Union": null,
            "Name": null,
            "Base": 3251221,
            "TCOE": 4691559,
            "Rec": 23,
            "_depth": 0,
            "_pivot": null,
            "_isRoot": 1,
            "_sortVal_0": 0,
            "_sortVal_1": 0,
            "_path0": null,
            "_sortVal_0_0": null
          },
          {
            "JobFamily": "Police",
            "Title": "Revenue Protection Guard",
            "Union": "BPOA",
            "Name": "Ornellas, Robert",
            "Base": 75701,
            "TCOE": 127660,
            "Rec": 1,
            "_depth": 1,
            "_pivot": "Police",
            "_isRoot": 0,
            "_sortVal_0": 1,
            "_sortVal_1": 0,
            "_path0": "Police",
            "_sortVal_0_0": "Revenue Protection Guard"
          },
          {
            "JobFamily": "Public Affairs & Marketing",
            "Title": "Department Manager Gov't & Comm Rel",
            "Union": "Non-Represented",
            "Name": "Hamill, Kerry",
            "Base": 130035,
            "TCOE": 181955,
            "Rec": 1,
            "_depth": 1,
            "_pivot": "Public Affairs & Marketing",
            "_isRoot": 0,
            "_sortVal_0": 1,
            "_sortVal_1": 0,
            "_path0": "Public Affairs & Marketing",
            "_sortVal_0_0": "Department Manager Gov't & Comm Rel"
          },
          {
            "JobFamily": "Finance & Accounting",
            "Title": "Controller-Treasurer",
            "Union": "Non-Represented",
            "Name": "Schroeder, Scott",
            "Base": 208744,
            "TCOE": 287139,
            "Rec": 1,
            "_depth": 1,
            "_pivot": "Finance & Accounting",
            "_isRoot": 0,
            "_sortVal_0": 1,
            "_sortVal_1": 0,
            "_path0": "Finance & Accounting",
            "_sortVal_0_0": "Controller-Treasurer"
          },
          {
            "JobFamily": "Safety",
            "Title": "Chief Safety Officer",
            "Union": "Non-Represented",
            "Name": "Hardy, Leonard",
            "Base": 152125,
            "TCOE": 211941,
            "Rec": 1,
            "_depth": 1,
            "_pivot": "Safety",
            "_isRoot": 0,
            "_sortVal_0": 1,
            "_sortVal_1": 0,
            "_path0": "Safety",
            "_sortVal_0_0": "Chief Safety Officer"
          },
          {
            "JobFamily": "Engineering & Systems Engineering",
            "Title": null,
            "Union": "Non-Represented",
            "Name": null,
            "Base": 309734,
            "TCOE": 422244,
            "Rec": 2,
            "_depth": 1,
            "_pivot": "Engineering & Systems Engineering",
            "_isRoot": 0,
            "_sortVal_0": 1,
            "_sortVal_1": 0,
            "_path0": "Engineering & Systems Engineering",
            "_sortVal_0_0": null
          },
          {
            "JobFamily": "Executive Management",
            "Title": null,
            "Union": "Non-Represented",
            "Name": null,
            "Base": 1030722,
            "TCOE": 1389290,
            "Rec": 4,
            "_depth": 1,
            "_pivot": "Executive Management",
            "_isRoot": 0,
            "_sortVal_0": 1,
            "_sortVal_1": 0,
            "_path0": "Executive Management",
            "_sortVal_0_0": null
          },
          {
            "JobFamily": "Legal & Paralegal",
            "Title": null,
            "Union": "Non-Represented",
            "Name": null,
            "Base": 564028,
            "TCOE": 766571,
            "Rec": 3,
            "_depth": 1,
            "_pivot": "Legal & Paralegal",
            "_isRoot": 0,
            "_sortVal_0": 1,
            "_sortVal_1": 0,
            "_path0": "Legal & Paralegal",
            "_sortVal_0_0": null
          },
          {
            "JobFamily": "Legal & Paralegal",
            "Title": "Senior Attorney",
            "Union": "Non-Represented",
            "Name": "Lee, Thomas",
            "Base": 165470,
            "TCOE": 224345,
            "Rec": 1,
            "_depth": 2,
            "_pivot": "Lee, Thomas",
            "_isRoot": 0,
            "_sortVal_0": 1,
            "_sortVal_1": 1,
            "_path0": "Legal & Paralegal",
            "_sortVal_0_0": null
          },
          {
            "JobFamily": "Legal & Paralegal",
            "Title": "Senior Attorney",
            "Union": "Non-Represented",
            "Name": "Nuetzel, Victoria",
            "Base": 160289,
            "TCOE": 220683,
            "Rec": 1,
            "_depth": 2,
            "_pivot": "Nuetzel, Victoria",
            "_isRoot": 0,
            "_sortVal_0": 1,
            "_sortVal_1": 1,
            "_path0": "Legal & Paralegal",
            "_sortVal_0_0": null
          },
          {
            "JobFamily": "Legal & Paralegal",
            "Title": "General Counsel",
            "Union": "Non-Represented",
            "Name": "Burrows, Matthew",
            "Base": 238269,
            "TCOE": 321543,
            "Rec": 1,
            "_depth": 2,
            "_pivot": "Burrows, Matthew",
            "_isRoot": 0,
            "_sortVal_0": 1,
            "_sortVal_1": 1,
            "_path0": "Legal & Paralegal",
            "_sortVal_0_0": null
          },
          {
            "JobFamily": "Maintenance, Vehicle & Facilities",
            "Title": null,
            "Union": "SEIU",
            "Name": null,
            "Base": 366223,
            "TCOE": 594761,
            "Rec": 5,
            "_depth": 1,
            "_pivot": "Maintenance, Vehicle & Facilities",
            "_isRoot": 0,
            "_sortVal_0": 1,
            "_sortVal_1": 0,
            "_path0": "Maintenance, Vehicle & Facilities",
            "_sortVal_0_0": null
          },
          {
            "JobFamily": "Transportation Operations",
            "Title": null,
            "Union": null,
            "Name": null,
            "Base": 413909,
            "TCOE": 709998,
            "Rec": 5,
            "_depth": 1,
            "_pivot": "Transportation Operations",
            "_isRoot": 0,
            "_sortVal_0": 1,
            "_sortVal_1": 0,
            "_path0": "Transportation Operations",
            "_sortVal_0_0": null
          }
        ]
      }
    },
    "multiPivotSingleSortTest": {
      "sorted tree query": {
        "schema": {
          "columns": [
            "JobFamily",
            "Title",
            "Union",
            "Name",
            "Base",
            "TCOE",
            "Rec",
            "_depth",
            "_pivot",
            "_isRoot",
            "_sortVal_0",
            "_sortVal_1",
            "_sortVal_2",
            "_path0",
            "_path1",
            "_sortVal_0_0",
            "_sortVal_1_0"
          ],
          "columnMetadata": {
            "_path1": {
              "type": "text"
            },
            "_path0": {
              "type": "text"
            },
            "_sortVal_2": {
              "type": "integer"
            },
            "_sortVal_1": {
              "type": "integer"
            },
            "_sortVal_0": {
              "type": "integer"
            },
            "JobFamily": {
              "displayName": "Job Family",
              "type": "text"
            },
            "Title": {
              "displayName": "Title",
              "type": "text"
            },
            "Union": {
              "displayName": "Union",
              "type": "text"
            },
            "Name": {
              "displayName": "Name",
              "type": "text"
            },
            "Base": {
              "displayName": "Base",
              "type": "integer"
            },
            "TCOE": {
              "displayName": "TCOE",
              "type": "integer"
            },
            "Rec": {
              "type": "integer"
            },
            "_depth": {
              "type": "integer"
            },
            "_pivot": {
              "type": "text"
            },
            "_isRoot": {
              "type": "boolean"
            },
            "_sortVal_0_0": {
              "displayName": "Title",
              "type": "text"
            },
            "_sortVal_1_0": {
              "displayName": "Title",
              "type": "text"
            }
          },
          "columnIndices": {
            "JobFamily": 0,
            "Title": 1,
            "Union": 2,
            "Name": 3,
            "Base": 4,
            "TCOE": 5,
            "Rec": 6,
            "_depth": 7,
            "_pivot": 8,
            "_isRoot": 9,
            "_sortVal_0": 10,
            "_sortVal_1": 11,
            "_sortVal_2": 12,
            "_path0": 13,
            "_path1": 14,
            "_sortVal_0_0": 15,
            "_sortVal_1_0": 16
          }
        },
        "rowData": [
          {
            "JobFamily": null,
            "Title": null,
            "Union": null,
            "Name": null,
            "Base": 3251221,
            "TCOE": 4691559,
            "Rec": 23,
            "_depth": 0,
            "_pivot": null,
            "_isRoot": 1,
            "_sortVal_0": 0,
            "_sortVal_1": 0,
            "_sortVal_2": 0,
            "_path0": null,
            "_path1": null,
            "_sortVal_0_0": null,
            "_sortVal_1_0": null
          },
          {
            "JobFamily": "Engineering & Systems Engineering",
            "Title": null,
            "Union": "Non-Represented",
            "Name": null,
            "Base": 309734,
            "TCOE": 422244,
            "Rec": 2,
            "_depth": 1,
            "_pivot": "Engineering & Systems Engineering",
            "_isRoot": 0,
            "_sortVal_0": 1,
            "_sortVal_1": 0,
            "_sortVal_2": 0,
            "_path0": "Engineering & Systems Engineering",
            "_path1": null,
            "_sortVal_0_0": null,
            "_sortVal_1_0": null
          },
          {
            "JobFamily": "Executive Management",
            "Title": null,
            "Union": "Non-Represented",
            "Name": null,
            "Base": 1030722,
            "TCOE": 1389290,
            "Rec": 4,
            "_depth": 1,
            "_pivot": "Executive Management",
            "_isRoot": 0,
            "_sortVal_0": 1,
            "_sortVal_1": 0,
            "_sortVal_2": 0,
            "_path0": "Executive Management",
            "_path1": null,
            "_sortVal_0_0": null,
            "_sortVal_1_0": null
          },
          {
            "JobFamily": "Legal & Paralegal",
            "Title": null,
            "Union": "Non-Represented",
            "Name": null,
            "Base": 564028,
            "TCOE": 766571,
            "Rec": 3,
            "_depth": 1,
            "_pivot": "Legal & Paralegal",
            "_isRoot": 0,
            "_sortVal_0": 1,
            "_sortVal_1": 0,
            "_sortVal_2": 0,
            "_path0": "Legal & Paralegal",
            "_path1": null,
            "_sortVal_0_0": null,
            "_sortVal_1_0": null
          },
          {
            "JobFamily": "Legal & Paralegal",
            "Title": "General Counsel",
            "Union": "Non-Represented",
            "Name": "Burrows, Matthew",
            "Base": 238269,
            "TCOE": 321543,
            "Rec": 1,
            "_depth": 2,
            "_pivot": "General Counsel",
            "_isRoot": 0,
            "_sortVal_0": 1,
            "_sortVal_1": 1,
            "_sortVal_2": 0,
            "_path0": "Legal & Paralegal",
            "_path1": "General Counsel",
            "_sortVal_0_0": null,
            "_sortVal_1_0": "General Counsel"
          },
          {
            "JobFamily": "Legal & Paralegal",
            "Title": "Senior Attorney",
            "Union": "Non-Represented",
            "Name": null,
            "Base": 325759,
            "TCOE": 445028,
            "Rec": 2,
            "_depth": 2,
            "_pivot": "Senior Attorney",
            "_isRoot": 0,
            "_sortVal_0": 1,
            "_sortVal_1": 1,
            "_sortVal_2": 0,
            "_path0": "Legal & Paralegal",
            "_path1": "Senior Attorney",
            "_sortVal_0_0": null,
            "_sortVal_1_0": "Senior Attorney"
          },
          {
            "JobFamily": "Maintenance, Vehicle & Facilities",
            "Title": null,
            "Union": "SEIU",
            "Name": null,
            "Base": 366223,
            "TCOE": 594761,
            "Rec": 5,
            "_depth": 1,
            "_pivot": "Maintenance, Vehicle & Facilities",
            "_isRoot": 0,
            "_sortVal_0": 1,
            "_sortVal_1": 0,
            "_sortVal_2": 0,
            "_path0": "Maintenance, Vehicle & Facilities",
            "_path1": null,
            "_sortVal_0_0": null,
            "_sortVal_1_0": null
          },
          {
            "JobFamily": "Transportation Operations",
            "Title": null,
            "Union": null,
            "Name": null,
            "Base": 413909,
            "TCOE": 709998,
            "Rec": 5,
            "_depth": 1,
            "_pivot": "Transportation Operations",
            "_isRoot": 0,
            "_sortVal_0": 1,
            "_sortVal_1": 0,
            "_sortVal_2": 0,
            "_path0": "Transportation Operations",
            "_path1": null,
            "_sortVal_0_0": null,
            "_sortVal_1_0": null
          },
          {
            "JobFamily": "Safety",
            "Title": "Chief Safety Officer",
            "Union": "Non-Represented",
            "Name": "Hardy, Leonard",
            "Base": 152125,
            "TCOE": 211941,
            "Rec": 1,
            "_depth": 1,
            "_pivot": "Safety",
            "_isRoot": 0,
            "_sortVal_0": 1,
            "_sortVal_1": 0,
            "_sortVal_2": 0,
            "_path0": "Safety",
            "_path1": null,
            "_sortVal_0_0": "Chief Safety Officer",
            "_sortVal_1_0": null
          },
          {
            "JobFamily": "Finance & Accounting",
            "Title": "Controller-Treasurer",
            "Union": "Non-Represented",
            "Name": "Schroeder, Scott",
            "Base": 208744,
            "TCOE": 287139,
            "Rec": 1,
            "_depth": 1,
            "_pivot": "Finance & Accounting",
            "_isRoot": 0,
            "_sortVal_0": 1,
            "_sortVal_1": 0,
            "_sortVal_2": 0,
            "_path0": "Finance & Accounting",
            "_path1": null,
            "_sortVal_0_0": "Controller-Treasurer",
            "_sortVal_1_0": null
          },
          {
            "JobFamily": "Public Affairs & Marketing",
            "Title": "Department Manager Gov't & Comm Rel",
            "Union": "Non-Represented",
            "Name": "Hamill, Kerry",
            "Base": 130035,
            "TCOE": 181955,
            "Rec": 1,
            "_depth": 1,
            "_pivot": "Public Affairs & Marketing",
            "_isRoot": 0,
            "_sortVal_0": 1,
            "_sortVal_1": 0,
            "_sortVal_2": 0,
            "_path0": "Public Affairs & Marketing",
            "_path1": null,
            "_sortVal_0_0": "Department Manager Gov't & Comm Rel",
            "_sortVal_1_0": null
          },
          {
            "JobFamily": "Police",
            "Title": "Revenue Protection Guard",
            "Union": "BPOA",
            "Name": "Ornellas, Robert",
            "Base": 75701,
            "TCOE": 127660,
            "Rec": 1,
            "_depth": 1,
            "_pivot": "Police",
            "_isRoot": 0,
            "_sortVal_0": 1,
            "_sortVal_1": 0,
            "_sortVal_2": 0,
            "_path0": "Police",
            "_path1": null,
            "_sortVal_0_0": "Revenue Protection Guard",
            "_sortVal_1_0": null
          }
        ]
      }
    },
    "basic PathTree": {
      "full path set from iterator": [
        [
          "foo"
        ],
        [
          "foo",
          "bar"
        ],
        [
          "foo",
          "bar",
          "baz"
        ],
        [
          "foo",
          "bar",
          "blech"
        ],
        [
          "a"
        ],
        [
          "a",
          "b"
        ],
        [
          "a",
          "b",
          "c"
        ]
      ],
      "path set after closing one path": [
        [
          "foo"
        ],
        [
          "foo",
          "bar"
        ],
        [
          "foo",
          "bar",
          "blech"
        ],
        [
          "a"
        ],
        [
          "a",
          "b"
        ],
        [
          "a",
          "b",
          "c"
        ]
      ],
      "path set after closing two paths with common prefix": [
        [
          "foo"
        ],
        [
          "foo",
          "bar"
        ],
        [
          "a"
        ],
        [
          "a",
          "b"
        ],
        [
          "a",
          "b",
          "c"
        ]
      ]
    }
  }
}